[0.008s] Invoking command in '/home/g83r/Desktop/uga/hero-lab/heroswarmv2/ROS2/humble_ws/build/robot_msgs': CMAKE_PREFIX_PATH=/opt/ros/humble /usr/bin/cmake --build /home/g83r/Desktop/uga/hero-lab/heroswarmv2/ROS2/humble_ws/build/robot_msgs -- -j16 -l16
[0.040s] [  0%] Built target robot_msgs__cpp
[0.043s] [  0%] Built target ament_cmake_python_copy_robot_msgs
[0.043s] [ 12%] Built target robot_msgs__rosidl_generator_c
[0.065s] [ 23%] Built target robot_msgs__rosidl_typesupport_c
[0.069s] [ 35%] Built target robot_msgs__rosidl_typesupport_cpp
[0.069s] [ 51%] Built target robot_msgs__rosidl_typesupport_introspection_c
[0.069s] [ 59%] Built target robot_msgs__rosidl_typesupport_introspection_cpp
[0.074s] [ 70%] Built target robot_msgs__rosidl_typesupport_fastrtps_cpp
[0.076s] [ 82%] Built target robot_msgs__rosidl_typesupport_fastrtps_c
[0.084s] [ 82%] Built target robot_msgs
[0.094s] [ 83%] Built target robot_msgs__py
[0.113s] [ 94%] Built target robot_msgs__rosidl_generator_py
[0.126s] [ 96%] Built target robot_msgs__rosidl_typesupport_fastrtps_c__pyext
[0.127s] [ 98%] Built target robot_msgs__rosidl_typesupport_introspection_c__pyext
[0.127s] [100%] Built target robot_msgs__rosidl_typesupport_c__pyext
[0.230s] running egg_info
[0.231s] writing robot_msgs.egg-info/PKG-INFO
[0.231s] writing dependency_links to robot_msgs.egg-info/dependency_links.txt
[0.231s] writing top-level names to robot_msgs.egg-info/top_level.txt
[0.233s] reading manifest file 'robot_msgs.egg-info/SOURCES.txt'
[0.233s] writing manifest file 'robot_msgs.egg-info/SOURCES.txt'
[0.252s] [100%] Built target ament_cmake_python_build_robot_msgs_egg
[0.260s] Invoked command in '/home/g83r/Desktop/uga/hero-lab/heroswarmv2/ROS2/humble_ws/build/robot_msgs' returned '0': CMAKE_PREFIX_PATH=/opt/ros/humble /usr/bin/cmake --build /home/g83r/Desktop/uga/hero-lab/heroswarmv2/ROS2/humble_ws/build/robot_msgs -- -j16 -l16
[0.265s] Invoking command in '/home/g83r/Desktop/uga/hero-lab/heroswarmv2/ROS2/humble_ws/build/robot_msgs': CMAKE_PREFIX_PATH=/opt/ros/humble /usr/bin/cmake --install /home/g83r/Desktop/uga/hero-lab/heroswarmv2/ROS2/humble_ws/build/robot_msgs
[0.269s] -- Install configuration: ""
[0.269s] -- Up-to-date: /home/g83r/Desktop/uga/hero-lab/heroswarmv2/ROS2/humble_ws/install/robot_msgs/share/ament_index/resource_index/rosidl_interfaces/robot_msgs
[0.269s] -- Up-to-date: /home/g83r/Desktop/uga/hero-lab/heroswarmv2/ROS2/humble_ws/install/robot_msgs/include/robot_msgs/robot_msgs
[0.269s] -- Up-to-date: /home/g83r/Desktop/uga/hero-lab/heroswarmv2/ROS2/humble_ws/install/robot_msgs/include/robot_msgs/robot_msgs/srv
[0.269s] -- Up-to-date: /home/g83r/Desktop/uga/hero-lab/heroswarmv2/ROS2/humble_ws/install/robot_msgs/include/robot_msgs/robot_msgs/srv/get_charger.h
[0.269s] -- Up-to-date: /home/g83r/Desktop/uga/hero-lab/heroswarmv2/ROS2/humble_ws/install/robot_msgs/include/robot_msgs/robot_msgs/srv/detail
[0.269s] -- Up-to-date: /home/g83r/Desktop/uga/hero-lab/heroswarmv2/ROS2/humble_ws/install/robot_msgs/include/robot_msgs/robot_msgs/srv/detail/release_charger__functions.c
[0.269s] -- Up-to-date: /home/g83r/Desktop/uga/hero-lab/heroswarmv2/ROS2/humble_ws/install/robot_msgs/include/robot_msgs/robot_msgs/srv/detail/get_charger__type_support.h
[0.269s] -- Up-to-date: /home/g83r/Desktop/uga/hero-lab/heroswarmv2/ROS2/humble_ws/install/robot_msgs/include/robot_msgs/robot_msgs/srv/detail/release_charger__type_support.h
[0.269s] -- Up-to-date: /home/g83r/Desktop/uga/hero-lab/heroswarmv2/ROS2/humble_ws/install/robot_msgs/include/robot_msgs/robot_msgs/srv/detail/release_charger__functions.h
[0.269s] -- Up-to-date: /home/g83r/Desktop/uga/hero-lab/heroswarmv2/ROS2/humble_ws/install/robot_msgs/include/robot_msgs/robot_msgs/srv/detail/get_charger__struct.h
[0.269s] -- Up-to-date: /home/g83r/Desktop/uga/hero-lab/heroswarmv2/ROS2/humble_ws/install/robot_msgs/include/robot_msgs/robot_msgs/srv/detail/get_charger__functions.h
[0.269s] -- Up-to-date: /home/g83r/Desktop/uga/hero-lab/heroswarmv2/ROS2/humble_ws/install/robot_msgs/include/robot_msgs/robot_msgs/srv/detail/get_charger__functions.c
[0.269s] -- Up-to-date: /home/g83r/Desktop/uga/hero-lab/heroswarmv2/ROS2/humble_ws/install/robot_msgs/include/robot_msgs/robot_msgs/srv/detail/release_charger__struct.h
[0.269s] -- Up-to-date: /home/g83r/Desktop/uga/hero-lab/heroswarmv2/ROS2/humble_ws/install/robot_msgs/include/robot_msgs/robot_msgs/srv/release_charger.h
[0.269s] -- Up-to-date: /home/g83r/Desktop/uga/hero-lab/heroswarmv2/ROS2/humble_ws/install/robot_msgs/include/robot_msgs/robot_msgs/msg
[0.269s] -- Up-to-date: /home/g83r/Desktop/uga/hero-lab/heroswarmv2/ROS2/humble_ws/install/robot_msgs/include/robot_msgs/robot_msgs/msg/distance_sensor.h
[0.269s] -- Up-to-date: /home/g83r/Desktop/uga/hero-lab/heroswarmv2/ROS2/humble_ws/install/robot_msgs/include/robot_msgs/robot_msgs/msg/environment.h
[0.269s] -- Up-to-date: /home/g83r/Desktop/uga/hero-lab/heroswarmv2/ROS2/humble_ws/install/robot_msgs/include/robot_msgs/robot_msgs/msg/robot_pos.h
[0.269s] -- Up-to-date: /home/g83r/Desktop/uga/hero-lab/heroswarmv2/ROS2/humble_ws/install/robot_msgs/include/robot_msgs/robot_msgs/msg/detail
[0.270s] -- Up-to-date: /home/g83r/Desktop/uga/hero-lab/heroswarmv2/ROS2/humble_ws/install/robot_msgs/include/robot_msgs/robot_msgs/msg/detail/robot_pos__struct.h
[0.270s] -- Up-to-date: /home/g83r/Desktop/uga/hero-lab/heroswarmv2/ROS2/humble_ws/install/robot_msgs/include/robot_msgs/robot_msgs/msg/detail/dock_enable__type_support.h
[0.270s] -- Up-to-date: /home/g83r/Desktop/uga/hero-lab/heroswarmv2/ROS2/humble_ws/install/robot_msgs/include/robot_msgs/robot_msgs/msg/detail/distance_sensor__functions.h
[0.270s] -- Up-to-date: /home/g83r/Desktop/uga/hero-lab/heroswarmv2/ROS2/humble_ws/install/robot_msgs/include/robot_msgs/robot_msgs/msg/detail/dock_enable__functions.c
[0.270s] -- Up-to-date: /home/g83r/Desktop/uga/hero-lab/heroswarmv2/ROS2/humble_ws/install/robot_msgs/include/robot_msgs/robot_msgs/msg/detail/light__type_support.h
[0.270s] -- Up-to-date: /home/g83r/Desktop/uga/hero-lab/heroswarmv2/ROS2/humble_ws/install/robot_msgs/include/robot_msgs/robot_msgs/msg/detail/environment__functions.h
[0.270s] -- Up-to-date: /home/g83r/Desktop/uga/hero-lab/heroswarmv2/ROS2/humble_ws/install/robot_msgs/include/robot_msgs/robot_msgs/msg/detail/sensor_enable__functions.c
[0.270s] -- Up-to-date: /home/g83r/Desktop/uga/hero-lab/heroswarmv2/ROS2/humble_ws/install/robot_msgs/include/robot_msgs/robot_msgs/msg/detail/string_list__struct.h
[0.270s] -- Up-to-date: /home/g83r/Desktop/uga/hero-lab/heroswarmv2/ROS2/humble_ws/install/robot_msgs/include/robot_msgs/robot_msgs/msg/detail/dock_enable__struct.h
[0.270s] -- Up-to-date: /home/g83r/Desktop/uga/hero-lab/heroswarmv2/ROS2/humble_ws/install/robot_msgs/include/robot_msgs/robot_msgs/msg/detail/distance_sensor__type_support.h
[0.270s] -- Up-to-date: /home/g83r/Desktop/uga/hero-lab/heroswarmv2/ROS2/humble_ws/install/robot_msgs/include/robot_msgs/robot_msgs/msg/detail/robot_pos__functions.c
[0.270s] -- Up-to-date: /home/g83r/Desktop/uga/hero-lab/heroswarmv2/ROS2/humble_ws/install/robot_msgs/include/robot_msgs/robot_msgs/msg/detail/sensor_enable__functions.h
[0.270s] -- Up-to-date: /home/g83r/Desktop/uga/hero-lab/heroswarmv2/ROS2/humble_ws/install/robot_msgs/include/robot_msgs/robot_msgs/msg/detail/distance_sensor__struct.h
[0.270s] -- Up-to-date: /home/g83r/Desktop/uga/hero-lab/heroswarmv2/ROS2/humble_ws/install/robot_msgs/include/robot_msgs/robot_msgs/msg/detail/environment__type_support.h
[0.270s] -- Up-to-date: /home/g83r/Desktop/uga/hero-lab/heroswarmv2/ROS2/humble_ws/install/robot_msgs/include/robot_msgs/robot_msgs/msg/detail/sensor_enable__struct.h
[0.270s] -- Up-to-date: /home/g83r/Desktop/uga/hero-lab/heroswarmv2/ROS2/humble_ws/install/robot_msgs/include/robot_msgs/robot_msgs/msg/detail/environment__functions.c
[0.270s] -- Up-to-date: /home/g83r/Desktop/uga/hero-lab/heroswarmv2/ROS2/humble_ws/install/robot_msgs/include/robot_msgs/robot_msgs/msg/detail/robot_pos__type_support.h
[0.270s] -- Up-to-date: /home/g83r/Desktop/uga/hero-lab/heroswarmv2/ROS2/humble_ws/install/robot_msgs/include/robot_msgs/robot_msgs/msg/detail/light__struct.h
[0.270s] -- Up-to-date: /home/g83r/Desktop/uga/hero-lab/heroswarmv2/ROS2/humble_ws/install/robot_msgs/include/robot_msgs/robot_msgs/msg/detail/string_list__functions.h
[0.270s] -- Up-to-date: /home/g83r/Desktop/uga/hero-lab/heroswarmv2/ROS2/humble_ws/install/robot_msgs/include/robot_msgs/robot_msgs/msg/detail/distance_sensor__functions.c
[0.270s] -- Up-to-date: /home/g83r/Desktop/uga/hero-lab/heroswarmv2/ROS2/humble_ws/install/robot_msgs/include/robot_msgs/robot_msgs/msg/detail/battery_status__type_support.h
[0.270s] -- Up-to-date: /home/g83r/Desktop/uga/hero-lab/heroswarmv2/ROS2/humble_ws/install/robot_msgs/include/robot_msgs/robot_msgs/msg/detail/light__functions.c
[0.271s] -- Up-to-date: /home/g83r/Desktop/uga/hero-lab/heroswarmv2/ROS2/humble_ws/install/robot_msgs/include/robot_msgs/robot_msgs/msg/detail/string_list__type_support.h
[0.271s] -- Up-to-date: /home/g83r/Desktop/uga/hero-lab/heroswarmv2/ROS2/humble_ws/install/robot_msgs/include/robot_msgs/robot_msgs/msg/detail/string_list__functions.c
[0.271s] -- Up-to-date: /home/g83r/Desktop/uga/hero-lab/heroswarmv2/ROS2/humble_ws/install/robot_msgs/include/robot_msgs/robot_msgs/msg/detail/battery_status__functions.c
[0.271s] -- Up-to-date: /home/g83r/Desktop/uga/hero-lab/heroswarmv2/ROS2/humble_ws/install/robot_msgs/include/robot_msgs/robot_msgs/msg/detail/dock_enable__functions.h
[0.271s] -- Up-to-date: /home/g83r/Desktop/uga/hero-lab/heroswarmv2/ROS2/humble_ws/install/robot_msgs/include/robot_msgs/robot_msgs/msg/detail/battery_status__struct.h
[0.271s] -- Up-to-date: /home/g83r/Desktop/uga/hero-lab/heroswarmv2/ROS2/humble_ws/install/robot_msgs/include/robot_msgs/robot_msgs/msg/detail/robot_pos__functions.h
[0.271s] -- Up-to-date: /home/g83r/Desktop/uga/hero-lab/heroswarmv2/ROS2/humble_ws/install/robot_msgs/include/robot_msgs/robot_msgs/msg/detail/battery_status__functions.h
[0.271s] -- Up-to-date: /home/g83r/Desktop/uga/hero-lab/heroswarmv2/ROS2/humble_ws/install/robot_msgs/include/robot_msgs/robot_msgs/msg/detail/light__functions.h
[0.271s] -- Up-to-date: /home/g83r/Desktop/uga/hero-lab/heroswarmv2/ROS2/humble_ws/install/robot_msgs/include/robot_msgs/robot_msgs/msg/detail/sensor_enable__type_support.h
[0.271s] -- Up-to-date: /home/g83r/Desktop/uga/hero-lab/heroswarmv2/ROS2/humble_ws/install/robot_msgs/include/robot_msgs/robot_msgs/msg/detail/environment__struct.h
[0.271s] -- Up-to-date: /home/g83r/Desktop/uga/hero-lab/heroswarmv2/ROS2/humble_ws/install/robot_msgs/include/robot_msgs/robot_msgs/msg/rosidl_generator_c__visibility_control.h
[0.271s] -- Up-to-date: /home/g83r/Desktop/uga/hero-lab/heroswarmv2/ROS2/humble_ws/install/robot_msgs/include/robot_msgs/robot_msgs/msg/dock_enable.h
[0.271s] -- Up-to-date: /home/g83r/Desktop/uga/hero-lab/heroswarmv2/ROS2/humble_ws/install/robot_msgs/include/robot_msgs/robot_msgs/msg/sensor_enable.h
[0.271s] -- Up-to-date: /home/g83r/Desktop/uga/hero-lab/heroswarmv2/ROS2/humble_ws/install/robot_msgs/include/robot_msgs/robot_msgs/msg/battery_status.h
[0.271s] -- Up-to-date: /home/g83r/Desktop/uga/hero-lab/heroswarmv2/ROS2/humble_ws/install/robot_msgs/include/robot_msgs/robot_msgs/msg/light.h
[0.271s] -- Up-to-date: /home/g83r/Desktop/uga/hero-lab/heroswarmv2/ROS2/humble_ws/install/robot_msgs/include/robot_msgs/robot_msgs/msg/string_list.h
[0.271s] -- Up-to-date: /home/g83r/Desktop/uga/hero-lab/heroswarmv2/ROS2/humble_ws/install/robot_msgs/share/robot_msgs/environment/library_path.sh
[0.271s] -- Up-to-date: /home/g83r/Desktop/uga/hero-lab/heroswarmv2/ROS2/humble_ws/install/robot_msgs/share/robot_msgs/environment/library_path.dsv
[0.271s] -- Up-to-date: /home/g83r/Desktop/uga/hero-lab/heroswarmv2/ROS2/humble_ws/install/robot_msgs/lib/librobot_msgs__rosidl_generator_c.so
[0.271s] -- Up-to-date: /home/g83r/Desktop/uga/hero-lab/heroswarmv2/ROS2/humble_ws/install/robot_msgs/include/robot_msgs/robot_msgs
[0.271s] -- Up-to-date: /home/g83r/Desktop/uga/hero-lab/heroswarmv2/ROS2/humble_ws/install/robot_msgs/include/robot_msgs/robot_msgs/srv
[0.271s] -- Up-to-date: /home/g83r/Desktop/uga/hero-lab/heroswarmv2/ROS2/humble_ws/install/robot_msgs/include/robot_msgs/robot_msgs/srv/detail
[0.272s] -- Up-to-date: /home/g83r/Desktop/uga/hero-lab/heroswarmv2/ROS2/humble_ws/install/robot_msgs/include/robot_msgs/robot_msgs/srv/detail/release_charger__rosidl_typesupport_fastrtps_c.h
[0.272s] -- Up-to-date: /home/g83r/Desktop/uga/hero-lab/heroswarmv2/ROS2/humble_ws/install/robot_msgs/include/robot_msgs/robot_msgs/srv/detail/get_charger__rosidl_typesupport_fastrtps_c.h
[0.272s] -- Up-to-date: /home/g83r/Desktop/uga/hero-lab/heroswarmv2/ROS2/humble_ws/install/robot_msgs/include/robot_msgs/robot_msgs/msg
[0.272s] -- Up-to-date: /home/g83r/Desktop/uga/hero-lab/heroswarmv2/ROS2/humble_ws/install/robot_msgs/include/robot_msgs/robot_msgs/msg/detail
[0.272s] -- Up-to-date: /home/g83r/Desktop/uga/hero-lab/heroswarmv2/ROS2/humble_ws/install/robot_msgs/include/robot_msgs/robot_msgs/msg/detail/dock_enable__rosidl_typesupport_fastrtps_c.h
[0.272s] -- Up-to-date: /home/g83r/Desktop/uga/hero-lab/heroswarmv2/ROS2/humble_ws/install/robot_msgs/include/robot_msgs/robot_msgs/msg/detail/sensor_enable__rosidl_typesupport_fastrtps_c.h
[0.272s] -- Up-to-date: /home/g83r/Desktop/uga/hero-lab/heroswarmv2/ROS2/humble_ws/install/robot_msgs/include/robot_msgs/robot_msgs/msg/detail/light__rosidl_typesupport_fastrtps_c.h
[0.272s] -- Up-to-date: /home/g83r/Desktop/uga/hero-lab/heroswarmv2/ROS2/humble_ws/install/robot_msgs/include/robot_msgs/robot_msgs/msg/detail/string_list__rosidl_typesupport_fastrtps_c.h
[0.272s] -- Up-to-date: /home/g83r/Desktop/uga/hero-lab/heroswarmv2/ROS2/humble_ws/install/robot_msgs/include/robot_msgs/robot_msgs/msg/detail/distance_sensor__rosidl_typesupport_fastrtps_c.h
[0.272s] -- Up-to-date: /home/g83r/Desktop/uga/hero-lab/heroswarmv2/ROS2/humble_ws/install/robot_msgs/include/robot_msgs/robot_msgs/msg/detail/battery_status__rosidl_typesupport_fastrtps_c.h
[0.272s] -- Up-to-date: /home/g83r/Desktop/uga/hero-lab/heroswarmv2/ROS2/humble_ws/install/robot_msgs/include/robot_msgs/robot_msgs/msg/detail/robot_pos__rosidl_typesupport_fastrtps_c.h
[0.272s] -- Up-to-date: /home/g83r/Desktop/uga/hero-lab/heroswarmv2/ROS2/humble_ws/install/robot_msgs/include/robot_msgs/robot_msgs/msg/detail/environment__rosidl_typesupport_fastrtps_c.h
[0.272s] -- Up-to-date: /home/g83r/Desktop/uga/hero-lab/heroswarmv2/ROS2/humble_ws/install/robot_msgs/include/robot_msgs/robot_msgs/msg/rosidl_typesupport_fastrtps_c__visibility_control.h
[0.272s] -- Up-to-date: /home/g83r/Desktop/uga/hero-lab/heroswarmv2/ROS2/humble_ws/install/robot_msgs/lib/librobot_msgs__rosidl_typesupport_fastrtps_c.so
[0.272s] -- Up-to-date: /home/g83r/Desktop/uga/hero-lab/heroswarmv2/ROS2/humble_ws/install/robot_msgs/include/robot_msgs/robot_msgs
[0.272s] -- Up-to-date: /home/g83r/Desktop/uga/hero-lab/heroswarmv2/ROS2/humble_ws/install/robot_msgs/include/robot_msgs/robot_msgs/srv
[0.272s] -- Up-to-date: /home/g83r/Desktop/uga/hero-lab/heroswarmv2/ROS2/humble_ws/install/robot_msgs/include/robot_msgs/robot_msgs/srv/detail
[0.272s] -- Up-to-date: /home/g83r/Desktop/uga/hero-lab/heroswarmv2/ROS2/humble_ws/install/robot_msgs/include/robot_msgs/robot_msgs/srv/detail/get_charger__traits.hpp
[0.272s] -- Up-to-date: /home/g83r/Desktop/uga/hero-lab/heroswarmv2/ROS2/humble_ws/install/robot_msgs/include/robot_msgs/robot_msgs/srv/detail/release_charger__builder.hpp
[0.272s] -- Up-to-date: /home/g83r/Desktop/uga/hero-lab/heroswarmv2/ROS2/humble_ws/install/robot_msgs/include/robot_msgs/robot_msgs/srv/detail/get_charger__struct.hpp
[0.272s] -- Up-to-date: /home/g83r/Desktop/uga/hero-lab/heroswarmv2/ROS2/humble_ws/install/robot_msgs/include/robot_msgs/robot_msgs/srv/detail/get_charger__type_support.hpp
[0.272s] -- Up-to-date: /home/g83r/Desktop/uga/hero-lab/heroswarmv2/ROS2/humble_ws/install/robot_msgs/include/robot_msgs/robot_msgs/srv/detail/get_charger__builder.hpp
[0.272s] -- Up-to-date: /home/g83r/Desktop/uga/hero-lab/heroswarmv2/ROS2/humble_ws/install/robot_msgs/include/robot_msgs/robot_msgs/srv/detail/release_charger__type_support.hpp
[0.272s] -- Up-to-date: /home/g83r/Desktop/uga/hero-lab/heroswarmv2/ROS2/humble_ws/install/robot_msgs/include/robot_msgs/robot_msgs/srv/detail/release_charger__struct.hpp
[0.273s] -- Up-to-date: /home/g83r/Desktop/uga/hero-lab/heroswarmv2/ROS2/humble_ws/install/robot_msgs/include/robot_msgs/robot_msgs/srv/detail/release_charger__traits.hpp
[0.273s] -- Up-to-date: /home/g83r/Desktop/uga/hero-lab/heroswarmv2/ROS2/humble_ws/install/robot_msgs/include/robot_msgs/robot_msgs/srv/get_charger.hpp
[0.273s] -- Up-to-date: /home/g83r/Desktop/uga/hero-lab/heroswarmv2/ROS2/humble_ws/install/robot_msgs/include/robot_msgs/robot_msgs/srv/release_charger.hpp
[0.273s] -- Up-to-date: /home/g83r/Desktop/uga/hero-lab/heroswarmv2/ROS2/humble_ws/install/robot_msgs/include/robot_msgs/robot_msgs/msg
[0.273s] -- Up-to-date: /home/g83r/Desktop/uga/hero-lab/heroswarmv2/ROS2/humble_ws/install/robot_msgs/include/robot_msgs/robot_msgs/msg/distance_sensor.hpp
[0.273s] -- Up-to-date: /home/g83r/Desktop/uga/hero-lab/heroswarmv2/ROS2/humble_ws/install/robot_msgs/include/robot_msgs/robot_msgs/msg/string_list.hpp
[0.273s] -- Up-to-date: /home/g83r/Desktop/uga/hero-lab/heroswarmv2/ROS2/humble_ws/install/robot_msgs/include/robot_msgs/robot_msgs/msg/detail
[0.273s] -- Up-to-date: /home/g83r/Desktop/uga/hero-lab/heroswarmv2/ROS2/humble_ws/install/robot_msgs/include/robot_msgs/robot_msgs/msg/detail/light__type_support.hpp
[0.273s] -- Up-to-date: /home/g83r/Desktop/uga/hero-lab/heroswarmv2/ROS2/humble_ws/install/robot_msgs/include/robot_msgs/robot_msgs/msg/detail/environment__struct.hpp
[0.273s] -- Up-to-date: /home/g83r/Desktop/uga/hero-lab/heroswarmv2/ROS2/humble_ws/install/robot_msgs/include/robot_msgs/robot_msgs/msg/detail/sensor_enable__traits.hpp
[0.273s] -- Up-to-date: /home/g83r/Desktop/uga/hero-lab/heroswarmv2/ROS2/humble_ws/install/robot_msgs/include/robot_msgs/robot_msgs/msg/detail/string_list__builder.hpp
[0.273s] -- Up-to-date: /home/g83r/Desktop/uga/hero-lab/heroswarmv2/ROS2/humble_ws/install/robot_msgs/include/robot_msgs/robot_msgs/msg/detail/distance_sensor__type_support.hpp
[0.273s] -- Up-to-date: /home/g83r/Desktop/uga/hero-lab/heroswarmv2/ROS2/humble_ws/install/robot_msgs/include/robot_msgs/robot_msgs/msg/detail/environment__traits.hpp
[0.273s] -- Up-to-date: /home/g83r/Desktop/uga/hero-lab/heroswarmv2/ROS2/humble_ws/install/robot_msgs/include/robot_msgs/robot_msgs/msg/detail/string_list__traits.hpp
[0.273s] -- Up-to-date: /home/g83r/Desktop/uga/hero-lab/heroswarmv2/ROS2/humble_ws/install/robot_msgs/include/robot_msgs/robot_msgs/msg/detail/string_list__struct.hpp
[0.273s] -- Up-to-date: /home/g83r/Desktop/uga/hero-lab/heroswarmv2/ROS2/humble_ws/install/robot_msgs/include/robot_msgs/robot_msgs/msg/detail/light__struct.hpp
[0.273s] -- Up-to-date: /home/g83r/Desktop/uga/hero-lab/heroswarmv2/ROS2/humble_ws/install/robot_msgs/include/robot_msgs/robot_msgs/msg/detail/robot_pos__struct.hpp
[0.273s] -- Up-to-date: /home/g83r/Desktop/uga/hero-lab/heroswarmv2/ROS2/humble_ws/install/robot_msgs/include/robot_msgs/robot_msgs/msg/detail/robot_pos__type_support.hpp
[0.273s] -- Up-to-date: /home/g83r/Desktop/uga/hero-lab/heroswarmv2/ROS2/humble_ws/install/robot_msgs/include/robot_msgs/robot_msgs/msg/detail/light__traits.hpp
[0.274s] -- Up-to-date: /home/g83r/Desktop/uga/hero-lab/heroswarmv2/ROS2/humble_ws/install/robot_msgs/include/robot_msgs/robot_msgs/msg/detail/robot_pos__traits.hpp
[0.274s] -- Up-to-date: /home/g83r/Desktop/uga/hero-lab/heroswarmv2/ROS2/humble_ws/install/robot_msgs/include/robot_msgs/robot_msgs/msg/detail/dock_enable__builder.hpp
[0.274s] -- Up-to-date: /home/g83r/Desktop/uga/hero-lab/heroswarmv2/ROS2/humble_ws/install/robot_msgs/include/robot_msgs/robot_msgs/msg/detail/distance_sensor__builder.hpp
[0.274s] -- Up-to-date: /home/g83r/Desktop/uga/hero-lab/heroswarmv2/ROS2/humble_ws/install/robot_msgs/include/robot_msgs/robot_msgs/msg/detail/battery_status__builder.hpp
[0.274s] -- Up-to-date: /home/g83r/Desktop/uga/hero-lab/heroswarmv2/ROS2/humble_ws/install/robot_msgs/include/robot_msgs/robot_msgs/msg/detail/distance_sensor__traits.hpp
[0.274s] -- Up-to-date: /home/g83r/Desktop/uga/hero-lab/heroswarmv2/ROS2/humble_ws/install/robot_msgs/include/robot_msgs/robot_msgs/msg/detail/battery_status__struct.hpp
[0.274s] -- Up-to-date: /home/g83r/Desktop/uga/hero-lab/heroswarmv2/ROS2/humble_ws/install/robot_msgs/include/robot_msgs/robot_msgs/msg/detail/string_list__type_support.hpp
[0.274s] -- Up-to-date: /home/g83r/Desktop/uga/hero-lab/heroswarmv2/ROS2/humble_ws/install/robot_msgs/include/robot_msgs/robot_msgs/msg/detail/light__builder.hpp
[0.274s] -- Up-to-date: /home/g83r/Desktop/uga/hero-lab/heroswarmv2/ROS2/humble_ws/install/robot_msgs/include/robot_msgs/robot_msgs/msg/detail/robot_pos__builder.hpp
[0.274s] -- Up-to-date: /home/g83r/Desktop/uga/hero-lab/heroswarmv2/ROS2/humble_ws/install/robot_msgs/include/robot_msgs/robot_msgs/msg/detail/dock_enable__traits.hpp
[0.274s] -- Up-to-date: /home/g83r/Desktop/uga/hero-lab/heroswarmv2/ROS2/humble_ws/install/robot_msgs/include/robot_msgs/robot_msgs/msg/detail/sensor_enable__struct.hpp
[0.274s] -- Up-to-date: /home/g83r/Desktop/uga/hero-lab/heroswarmv2/ROS2/humble_ws/install/robot_msgs/include/robot_msgs/robot_msgs/msg/detail/dock_enable__struct.hpp
[0.274s] -- Up-to-date: /home/g83r/Desktop/uga/hero-lab/heroswarmv2/ROS2/humble_ws/install/robot_msgs/include/robot_msgs/robot_msgs/msg/detail/sensor_enable__builder.hpp
[0.274s] -- Up-to-date: /home/g83r/Desktop/uga/hero-lab/heroswarmv2/ROS2/humble_ws/install/robot_msgs/include/robot_msgs/robot_msgs/msg/detail/battery_status__traits.hpp
[0.274s] -- Up-to-date: /home/g83r/Desktop/uga/hero-lab/heroswarmv2/ROS2/humble_ws/install/robot_msgs/include/robot_msgs/robot_msgs/msg/detail/dock_enable__type_support.hpp
[0.274s] -- Up-to-date: /home/g83r/Desktop/uga/hero-lab/heroswarmv2/ROS2/humble_ws/install/robot_msgs/include/robot_msgs/robot_msgs/msg/detail/environment__builder.hpp
[0.274s] -- Up-to-date: /home/g83r/Desktop/uga/hero-lab/heroswarmv2/ROS2/humble_ws/install/robot_msgs/include/robot_msgs/robot_msgs/msg/detail/sensor_enable__type_support.hpp
[0.274s] -- Up-to-date: /home/g83r/Desktop/uga/hero-lab/heroswarmv2/ROS2/humble_ws/install/robot_msgs/include/robot_msgs/robot_msgs/msg/detail/distance_sensor__struct.hpp
[0.274s] -- Up-to-date: /home/g83r/Desktop/uga/hero-lab/heroswarmv2/ROS2/humble_ws/install/robot_msgs/include/robot_msgs/robot_msgs/msg/detail/battery_status__type_support.hpp
[0.274s] -- Up-to-date: /home/g83r/Desktop/uga/hero-lab/heroswarmv2/ROS2/humble_ws/install/robot_msgs/include/robot_msgs/robot_msgs/msg/detail/environment__type_support.hpp
[0.274s] -- Up-to-date: /home/g83r/Desktop/uga/hero-lab/heroswarmv2/ROS2/humble_ws/install/robot_msgs/include/robot_msgs/robot_msgs/msg/sensor_enable.hpp
[0.274s] -- Up-to-date: /home/g83r/Desktop/uga/hero-lab/heroswarmv2/ROS2/humble_ws/install/robot_msgs/include/robot_msgs/robot_msgs/msg/environment.hpp
[0.274s] -- Up-to-date: /home/g83r/Desktop/uga/hero-lab/heroswarmv2/ROS2/humble_ws/install/robot_msgs/include/robot_msgs/robot_msgs/msg/light.hpp
[0.275s] -- Up-to-date: /home/g83r/Desktop/uga/hero-lab/heroswarmv2/ROS2/humble_ws/install/robot_msgs/include/robot_msgs/robot_msgs/msg/robot_pos.hpp
[0.275s] -- Up-to-date: /home/g83r/Desktop/uga/hero-lab/heroswarmv2/ROS2/humble_ws/install/robot_msgs/include/robot_msgs/robot_msgs/msg/battery_status.hpp
[0.275s] -- Up-to-date: /home/g83r/Desktop/uga/hero-lab/heroswarmv2/ROS2/humble_ws/install/robot_msgs/include/robot_msgs/robot_msgs/msg/dock_enable.hpp
[0.275s] -- Up-to-date: /home/g83r/Desktop/uga/hero-lab/heroswarmv2/ROS2/humble_ws/install/robot_msgs/include/robot_msgs/robot_msgs/msg/rosidl_generator_cpp__visibility_control.hpp
[0.275s] -- Up-to-date: /home/g83r/Desktop/uga/hero-lab/heroswarmv2/ROS2/humble_ws/install/robot_msgs/include/robot_msgs/robot_msgs
[0.275s] -- Up-to-date: /home/g83r/Desktop/uga/hero-lab/heroswarmv2/ROS2/humble_ws/install/robot_msgs/include/robot_msgs/robot_msgs/srv
[0.275s] -- Up-to-date: /home/g83r/Desktop/uga/hero-lab/heroswarmv2/ROS2/humble_ws/install/robot_msgs/include/robot_msgs/robot_msgs/srv/detail
[0.275s] -- Up-to-date: /home/g83r/Desktop/uga/hero-lab/heroswarmv2/ROS2/humble_ws/install/robot_msgs/include/robot_msgs/robot_msgs/srv/detail/get_charger__rosidl_typesupport_fastrtps_cpp.hpp
[0.275s] -- Up-to-date: /home/g83r/Desktop/uga/hero-lab/heroswarmv2/ROS2/humble_ws/install/robot_msgs/include/robot_msgs/robot_msgs/srv/detail/release_charger__rosidl_typesupport_fastrtps_cpp.hpp
[0.275s] -- Up-to-date: /home/g83r/Desktop/uga/hero-lab/heroswarmv2/ROS2/humble_ws/install/robot_msgs/include/robot_msgs/robot_msgs/srv/detail/dds_fastrtps
[0.275s] -- Up-to-date: /home/g83r/Desktop/uga/hero-lab/heroswarmv2/ROS2/humble_ws/install/robot_msgs/include/robot_msgs/robot_msgs/msg
[0.275s] -- Up-to-date: /home/g83r/Desktop/uga/hero-lab/heroswarmv2/ROS2/humble_ws/install/robot_msgs/include/robot_msgs/robot_msgs/msg/detail
[0.275s] -- Up-to-date: /home/g83r/Desktop/uga/hero-lab/heroswarmv2/ROS2/humble_ws/install/robot_msgs/include/robot_msgs/robot_msgs/msg/detail/battery_status__rosidl_typesupport_fastrtps_cpp.hpp
[0.275s] -- Up-to-date: /home/g83r/Desktop/uga/hero-lab/heroswarmv2/ROS2/humble_ws/install/robot_msgs/include/robot_msgs/robot_msgs/msg/detail/robot_pos__rosidl_typesupport_fastrtps_cpp.hpp
[0.275s] -- Up-to-date: /home/g83r/Desktop/uga/hero-lab/heroswarmv2/ROS2/humble_ws/install/robot_msgs/include/robot_msgs/robot_msgs/msg/detail/dock_enable__rosidl_typesupport_fastrtps_cpp.hpp
[0.275s] -- Up-to-date: /home/g83r/Desktop/uga/hero-lab/heroswarmv2/ROS2/humble_ws/install/robot_msgs/include/robot_msgs/robot_msgs/msg/detail/environment__rosidl_typesupport_fastrtps_cpp.hpp
[0.275s] -- Up-to-date: /home/g83r/Desktop/uga/hero-lab/heroswarmv2/ROS2/humble_ws/install/robot_msgs/include/robot_msgs/robot_msgs/msg/detail/string_list__rosidl_typesupport_fastrtps_cpp.hpp
[0.275s] -- Up-to-date: /home/g83r/Desktop/uga/hero-lab/heroswarmv2/ROS2/humble_ws/install/robot_msgs/include/robot_msgs/robot_msgs/msg/detail/light__rosidl_typesupport_fastrtps_cpp.hpp
[0.275s] -- Up-to-date: /home/g83r/Desktop/uga/hero-lab/heroswarmv2/ROS2/humble_ws/install/robot_msgs/include/robot_msgs/robot_msgs/msg/detail/dds_fastrtps
[0.275s] -- Up-to-date: /home/g83r/Desktop/uga/hero-lab/heroswarmv2/ROS2/humble_ws/install/robot_msgs/include/robot_msgs/robot_msgs/msg/detail/sensor_enable__rosidl_typesupport_fastrtps_cpp.hpp
[0.275s] -- Up-to-date: /home/g83r/Desktop/uga/hero-lab/heroswarmv2/ROS2/humble_ws/install/robot_msgs/include/robot_msgs/robot_msgs/msg/detail/distance_sensor__rosidl_typesupport_fastrtps_cpp.hpp
[0.275s] -- Up-to-date: /home/g83r/Desktop/uga/hero-lab/heroswarmv2/ROS2/humble_ws/install/robot_msgs/include/robot_msgs/robot_msgs/msg/rosidl_typesupport_fastrtps_cpp__visibility_control.h
[0.275s] -- Up-to-date: /home/g83r/Desktop/uga/hero-lab/heroswarmv2/ROS2/humble_ws/install/robot_msgs/lib/librobot_msgs__rosidl_typesupport_fastrtps_cpp.so
[0.275s] -- Up-to-date: /home/g83r/Desktop/uga/hero-lab/heroswarmv2/ROS2/humble_ws/install/robot_msgs/include/robot_msgs/robot_msgs
[0.275s] -- Up-to-date: /home/g83r/Desktop/uga/hero-lab/heroswarmv2/ROS2/humble_ws/install/robot_msgs/include/robot_msgs/robot_msgs/srv
[0.275s] -- Up-to-date: /home/g83r/Desktop/uga/hero-lab/heroswarmv2/ROS2/humble_ws/install/robot_msgs/include/robot_msgs/robot_msgs/srv/detail
[0.276s] -- Up-to-date: /home/g83r/Desktop/uga/hero-lab/heroswarmv2/ROS2/humble_ws/install/robot_msgs/include/robot_msgs/robot_msgs/srv/detail/get_charger__type_support.c
[0.276s] -- Up-to-date: /home/g83r/Desktop/uga/hero-lab/heroswarmv2/ROS2/humble_ws/install/robot_msgs/include/robot_msgs/robot_msgs/srv/detail/release_charger__rosidl_typesupport_introspection_c.h
[0.276s] -- Up-to-date: /home/g83r/Desktop/uga/hero-lab/heroswarmv2/ROS2/humble_ws/install/robot_msgs/include/robot_msgs/robot_msgs/srv/detail/get_charger__rosidl_typesupport_introspection_c.h
[0.276s] -- Up-to-date: /home/g83r/Desktop/uga/hero-lab/heroswarmv2/ROS2/humble_ws/install/robot_msgs/include/robot_msgs/robot_msgs/srv/detail/release_charger__type_support.c
[0.276s] -- Up-to-date: /home/g83r/Desktop/uga/hero-lab/heroswarmv2/ROS2/humble_ws/install/robot_msgs/include/robot_msgs/robot_msgs/msg
[0.276s] -- Up-to-date: /home/g83r/Desktop/uga/hero-lab/heroswarmv2/ROS2/humble_ws/install/robot_msgs/include/robot_msgs/robot_msgs/msg/detail
[0.276s] -- Up-to-date: /home/g83r/Desktop/uga/hero-lab/heroswarmv2/ROS2/humble_ws/install/robot_msgs/include/robot_msgs/robot_msgs/msg/detail/string_list__rosidl_typesupport_introspection_c.h
[0.276s] -- Up-to-date: /home/g83r/Desktop/uga/hero-lab/heroswarmv2/ROS2/humble_ws/install/robot_msgs/include/robot_msgs/robot_msgs/msg/detail/battery_status__type_support.c
[0.276s] -- Up-to-date: /home/g83r/Desktop/uga/hero-lab/heroswarmv2/ROS2/humble_ws/install/robot_msgs/include/robot_msgs/robot_msgs/msg/detail/sensor_enable__rosidl_typesupport_introspection_c.h
[0.276s] -- Up-to-date: /home/g83r/Desktop/uga/hero-lab/heroswarmv2/ROS2/humble_ws/install/robot_msgs/include/robot_msgs/robot_msgs/msg/detail/distance_sensor__type_support.c
[0.276s] -- Up-to-date: /home/g83r/Desktop/uga/hero-lab/heroswarmv2/ROS2/humble_ws/install/robot_msgs/include/robot_msgs/robot_msgs/msg/detail/sensor_enable__type_support.c
[0.276s] -- Up-to-date: /home/g83r/Desktop/uga/hero-lab/heroswarmv2/ROS2/humble_ws/install/robot_msgs/include/robot_msgs/robot_msgs/msg/detail/string_list__type_support.c
[0.276s] -- Up-to-date: /home/g83r/Desktop/uga/hero-lab/heroswarmv2/ROS2/humble_ws/install/robot_msgs/include/robot_msgs/robot_msgs/msg/detail/light__type_support.c
[0.276s] -- Up-to-date: /home/g83r/Desktop/uga/hero-lab/heroswarmv2/ROS2/humble_ws/install/robot_msgs/include/robot_msgs/robot_msgs/msg/detail/light__rosidl_typesupport_introspection_c.h
[0.276s] -- Up-to-date: /home/g83r/Desktop/uga/hero-lab/heroswarmv2/ROS2/humble_ws/install/robot_msgs/include/robot_msgs/robot_msgs/msg/detail/battery_status__rosidl_typesupport_introspection_c.h
[0.276s] -- Up-to-date: /home/g83r/Desktop/uga/hero-lab/heroswarmv2/ROS2/humble_ws/install/robot_msgs/include/robot_msgs/robot_msgs/msg/detail/distance_sensor__rosidl_typesupport_introspection_c.h
[0.276s] -- Up-to-date: /home/g83r/Desktop/uga/hero-lab/heroswarmv2/ROS2/humble_ws/install/robot_msgs/include/robot_msgs/robot_msgs/msg/detail/environment__rosidl_typesupport_introspection_c.h
[0.276s] -- Up-to-date: /home/g83r/Desktop/uga/hero-lab/heroswarmv2/ROS2/humble_ws/install/robot_msgs/include/robot_msgs/robot_msgs/msg/detail/dock_enable__type_support.c
[0.276s] -- Up-to-date: /home/g83r/Desktop/uga/hero-lab/heroswarmv2/ROS2/humble_ws/install/robot_msgs/include/robot_msgs/robot_msgs/msg/detail/dock_enable__rosidl_typesupport_introspection_c.h
[0.276s] -- Up-to-date: /home/g83r/Desktop/uga/hero-lab/heroswarmv2/ROS2/humble_ws/install/robot_msgs/include/robot_msgs/robot_msgs/msg/detail/robot_pos__type_support.c
[0.276s] -- Up-to-date: /home/g83r/Desktop/uga/hero-lab/heroswarmv2/ROS2/humble_ws/install/robot_msgs/include/robot_msgs/robot_msgs/msg/detail/environment__type_support.c
[0.276s] -- Up-to-date: /home/g83r/Desktop/uga/hero-lab/heroswarmv2/ROS2/humble_ws/install/robot_msgs/include/robot_msgs/robot_msgs/msg/detail/robot_pos__rosidl_typesupport_introspection_c.h
[0.276s] -- Up-to-date: /home/g83r/Desktop/uga/hero-lab/heroswarmv2/ROS2/humble_ws/install/robot_msgs/include/robot_msgs/robot_msgs/msg/rosidl_typesupport_introspection_c__visibility_control.h
[0.276s] -- Up-to-date: /home/g83r/Desktop/uga/hero-lab/heroswarmv2/ROS2/humble_ws/install/robot_msgs/lib/librobot_msgs__rosidl_typesupport_introspection_c.so
[0.276s] -- Up-to-date: /home/g83r/Desktop/uga/hero-lab/heroswarmv2/ROS2/humble_ws/install/robot_msgs/lib/librobot_msgs__rosidl_typesupport_c.so
[0.276s] -- Up-to-date: /home/g83r/Desktop/uga/hero-lab/heroswarmv2/ROS2/humble_ws/install/robot_msgs/include/robot_msgs/robot_msgs
[0.277s] -- Up-to-date: /home/g83r/Desktop/uga/hero-lab/heroswarmv2/ROS2/humble_ws/install/robot_msgs/include/robot_msgs/robot_msgs/srv
[0.277s] -- Up-to-date: /home/g83r/Desktop/uga/hero-lab/heroswarmv2/ROS2/humble_ws/install/robot_msgs/include/robot_msgs/robot_msgs/srv/detail
[0.277s] -- Up-to-date: /home/g83r/Desktop/uga/hero-lab/heroswarmv2/ROS2/humble_ws/install/robot_msgs/include/robot_msgs/robot_msgs/srv/detail/release_charger__rosidl_typesupport_introspection_cpp.hpp
[0.277s] -- Up-to-date: /home/g83r/Desktop/uga/hero-lab/heroswarmv2/ROS2/humble_ws/install/robot_msgs/include/robot_msgs/robot_msgs/srv/detail/get_charger__type_support.cpp
[0.277s] -- Up-to-date: /home/g83r/Desktop/uga/hero-lab/heroswarmv2/ROS2/humble_ws/install/robot_msgs/include/robot_msgs/robot_msgs/srv/detail/get_charger__rosidl_typesupport_introspection_cpp.hpp
[0.277s] -- Up-to-date: /home/g83r/Desktop/uga/hero-lab/heroswarmv2/ROS2/humble_ws/install/robot_msgs/include/robot_msgs/robot_msgs/srv/detail/release_charger__type_support.cpp
[0.277s] -- Up-to-date: /home/g83r/Desktop/uga/hero-lab/heroswarmv2/ROS2/humble_ws/install/robot_msgs/include/robot_msgs/robot_msgs/msg
[0.277s] -- Up-to-date: /home/g83r/Desktop/uga/hero-lab/heroswarmv2/ROS2/humble_ws/install/robot_msgs/include/robot_msgs/robot_msgs/msg/detail
[0.277s] -- Up-to-date: /home/g83r/Desktop/uga/hero-lab/heroswarmv2/ROS2/humble_ws/install/robot_msgs/include/robot_msgs/robot_msgs/msg/detail/robot_pos__rosidl_typesupport_introspection_cpp.hpp
[0.277s] -- Up-to-date: /home/g83r/Desktop/uga/hero-lab/heroswarmv2/ROS2/humble_ws/install/robot_msgs/include/robot_msgs/robot_msgs/msg/detail/sensor_enable__rosidl_typesupport_introspection_cpp.hpp
[0.277s] -- Up-to-date: /home/g83r/Desktop/uga/hero-lab/heroswarmv2/ROS2/humble_ws/install/robot_msgs/include/robot_msgs/robot_msgs/msg/detail/distance_sensor__type_support.cpp
[0.277s] -- Up-to-date: /home/g83r/Desktop/uga/hero-lab/heroswarmv2/ROS2/humble_ws/install/robot_msgs/include/robot_msgs/robot_msgs/msg/detail/robot_pos__type_support.cpp
[0.277s] -- Up-to-date: /home/g83r/Desktop/uga/hero-lab/heroswarmv2/ROS2/humble_ws/install/robot_msgs/include/robot_msgs/robot_msgs/msg/detail/dock_enable__rosidl_typesupport_introspection_cpp.hpp
[0.277s] -- Up-to-date: /home/g83r/Desktop/uga/hero-lab/heroswarmv2/ROS2/humble_ws/install/robot_msgs/include/robot_msgs/robot_msgs/msg/detail/distance_sensor__rosidl_typesupport_introspection_cpp.hpp
[0.277s] -- Up-to-date: /home/g83r/Desktop/uga/hero-lab/heroswarmv2/ROS2/humble_ws/install/robot_msgs/include/robot_msgs/robot_msgs/msg/detail/dock_enable__type_support.cpp
[0.277s] -- Up-to-date: /home/g83r/Desktop/uga/hero-lab/heroswarmv2/ROS2/humble_ws/install/robot_msgs/include/robot_msgs/robot_msgs/msg/detail/environment__rosidl_typesupport_introspection_cpp.hpp
[0.277s] -- Up-to-date: /home/g83r/Desktop/uga/hero-lab/heroswarmv2/ROS2/humble_ws/install/robot_msgs/include/robot_msgs/robot_msgs/msg/detail/string_list__type_support.cpp
[0.277s] -- Up-to-date: /home/g83r/Desktop/uga/hero-lab/heroswarmv2/ROS2/humble_ws/install/robot_msgs/include/robot_msgs/robot_msgs/msg/detail/sensor_enable__type_support.cpp
[0.277s] -- Up-to-date: /home/g83r/Desktop/uga/hero-lab/heroswarmv2/ROS2/humble_ws/install/robot_msgs/include/robot_msgs/robot_msgs/msg/detail/environment__type_support.cpp
[0.277s] -- Up-to-date: /home/g83r/Desktop/uga/hero-lab/heroswarmv2/ROS2/humble_ws/install/robot_msgs/include/robot_msgs/robot_msgs/msg/detail/light__rosidl_typesupport_introspection_cpp.hpp
[0.277s] -- Up-to-date: /home/g83r/Desktop/uga/hero-lab/heroswarmv2/ROS2/humble_ws/install/robot_msgs/include/robot_msgs/robot_msgs/msg/detail/battery_status__rosidl_typesupport_introspection_cpp.hpp
[0.277s] -- Up-to-date: /home/g83r/Desktop/uga/hero-lab/heroswarmv2/ROS2/humble_ws/install/robot_msgs/include/robot_msgs/robot_msgs/msg/detail/light__type_support.cpp
[0.277s] -- Up-to-date: /home/g83r/Desktop/uga/hero-lab/heroswarmv2/ROS2/humble_ws/install/robot_msgs/include/robot_msgs/robot_msgs/msg/detail/string_list__rosidl_typesupport_introspection_cpp.hpp
[0.277s] -- Up-to-date: /home/g83r/Desktop/uga/hero-lab/heroswarmv2/ROS2/humble_ws/install/robot_msgs/include/robot_msgs/robot_msgs/msg/detail/battery_status__type_support.cpp
[0.278s] -- Up-to-date: /home/g83r/Desktop/uga/hero-lab/heroswarmv2/ROS2/humble_ws/install/robot_msgs/lib/librobot_msgs__rosidl_typesupport_introspection_cpp.so
[0.278s] -- Up-to-date: /home/g83r/Desktop/uga/hero-lab/heroswarmv2/ROS2/humble_ws/install/robot_msgs/lib/librobot_msgs__rosidl_typesupport_cpp.so
[0.278s] -- Up-to-date: /home/g83r/Desktop/uga/hero-lab/heroswarmv2/ROS2/humble_ws/install/robot_msgs/share/robot_msgs/environment/pythonpath.sh
[0.278s] -- Up-to-date: /home/g83r/Desktop/uga/hero-lab/heroswarmv2/ROS2/humble_ws/install/robot_msgs/share/robot_msgs/environment/pythonpath.dsv
[0.278s] -- Up-to-date: /home/g83r/Desktop/uga/hero-lab/heroswarmv2/ROS2/humble_ws/install/robot_msgs/local/lib/python3.10/dist-packages/robot_msgs-0.0.0-py3.10.egg-info
[0.278s] -- Installing: /home/g83r/Desktop/uga/hero-lab/heroswarmv2/ROS2/humble_ws/install/robot_msgs/local/lib/python3.10/dist-packages/robot_msgs-0.0.0-py3.10.egg-info/top_level.txt
[0.278s] -- Installing: /home/g83r/Desktop/uga/hero-lab/heroswarmv2/ROS2/humble_ws/install/robot_msgs/local/lib/python3.10/dist-packages/robot_msgs-0.0.0-py3.10.egg-info/PKG-INFO
[0.278s] -- Installing: /home/g83r/Desktop/uga/hero-lab/heroswarmv2/ROS2/humble_ws/install/robot_msgs/local/lib/python3.10/dist-packages/robot_msgs-0.0.0-py3.10.egg-info/dependency_links.txt
[0.278s] -- Installing: /home/g83r/Desktop/uga/hero-lab/heroswarmv2/ROS2/humble_ws/install/robot_msgs/local/lib/python3.10/dist-packages/robot_msgs-0.0.0-py3.10.egg-info/SOURCES.txt
[0.278s] -- Up-to-date: /home/g83r/Desktop/uga/hero-lab/heroswarmv2/ROS2/humble_ws/install/robot_msgs/local/lib/python3.10/dist-packages/robot_msgs
[0.278s] -- Up-to-date: /home/g83r/Desktop/uga/hero-lab/heroswarmv2/ROS2/humble_ws/install/robot_msgs/local/lib/python3.10/dist-packages/robot_msgs/_robot_msgs_s.ep.rosidl_typesupport_fastrtps_c.c
[0.278s] -- Up-to-date: /home/g83r/Desktop/uga/hero-lab/heroswarmv2/ROS2/humble_ws/install/robot_msgs/local/lib/python3.10/dist-packages/robot_msgs/_robot_msgs_s.ep.rosidl_typesupport_introspection_c.c
[0.278s] -- Up-to-date: /home/g83r/Desktop/uga/hero-lab/heroswarmv2/ROS2/humble_ws/install/robot_msgs/local/lib/python3.10/dist-packages/robot_msgs/robot_msgs_s__rosidl_typesupport_introspection_c.cpython-310-x86_64-linux-gnu.so
[0.278s] -- Up-to-date: /home/g83r/Desktop/uga/hero-lab/heroswarmv2/ROS2/humble_ws/install/robot_msgs/local/lib/python3.10/dist-packages/robot_msgs/srv
[0.278s] -- Up-to-date: /home/g83r/Desktop/uga/hero-lab/heroswarmv2/ROS2/humble_ws/install/robot_msgs/local/lib/python3.10/dist-packages/robot_msgs/srv/_get_charger_s.c
[0.278s] -- Up-to-date: /home/g83r/Desktop/uga/hero-lab/heroswarmv2/ROS2/humble_ws/install/robot_msgs/local/lib/python3.10/dist-packages/robot_msgs/srv/_release_charger.py
[0.278s] -- Up-to-date: /home/g83r/Desktop/uga/hero-lab/heroswarmv2/ROS2/humble_ws/install/robot_msgs/local/lib/python3.10/dist-packages/robot_msgs/srv/_release_charger_s.c
[0.278s] -- Up-to-date: /home/g83r/Desktop/uga/hero-lab/heroswarmv2/ROS2/humble_ws/install/robot_msgs/local/lib/python3.10/dist-packages/robot_msgs/srv/__init__.py
[0.278s] -- Up-to-date: /home/g83r/Desktop/uga/hero-lab/heroswarmv2/ROS2/humble_ws/install/robot_msgs/local/lib/python3.10/dist-packages/robot_msgs/srv/_get_charger.py
[0.278s] -- Up-to-date: /home/g83r/Desktop/uga/hero-lab/heroswarmv2/ROS2/humble_ws/install/robot_msgs/local/lib/python3.10/dist-packages/robot_msgs/robot_msgs_s__rosidl_typesupport_c.cpython-310-x86_64-linux-gnu.so
[0.278s] -- Up-to-date: /home/g83r/Desktop/uga/hero-lab/heroswarmv2/ROS2/humble_ws/install/robot_msgs/local/lib/python3.10/dist-packages/robot_msgs/msg
[0.278s] -- Up-to-date: /home/g83r/Desktop/uga/hero-lab/heroswarmv2/ROS2/humble_ws/install/robot_msgs/local/lib/python3.10/dist-packages/robot_msgs/msg/_distance_sensor.py
[0.278s] -- Up-to-date: /home/g83r/Desktop/uga/hero-lab/heroswarmv2/ROS2/humble_ws/install/robot_msgs/local/lib/python3.10/dist-packages/robot_msgs/msg/_string_list.py
[0.279s] -- Up-to-date: /home/g83r/Desktop/uga/hero-lab/heroswarmv2/ROS2/humble_ws/install/robot_msgs/local/lib/python3.10/dist-packages/robot_msgs/msg/_sensor_enable.py
[0.279s] -- Up-to-date: /home/g83r/Desktop/uga/hero-lab/heroswarmv2/ROS2/humble_ws/install/robot_msgs/local/lib/python3.10/dist-packages/robot_msgs/msg/_robot_pos_s.c
[0.279s] -- Up-to-date: /home/g83r/Desktop/uga/hero-lab/heroswarmv2/ROS2/humble_ws/install/robot_msgs/local/lib/python3.10/dist-packages/robot_msgs/msg/_environment.py
[0.279s] -- Up-to-date: /home/g83r/Desktop/uga/hero-lab/heroswarmv2/ROS2/humble_ws/install/robot_msgs/local/lib/python3.10/dist-packages/robot_msgs/msg/_light.py
[0.279s] -- Up-to-date: /home/g83r/Desktop/uga/hero-lab/heroswarmv2/ROS2/humble_ws/install/robot_msgs/local/lib/python3.10/dist-packages/robot_msgs/msg/_sensor_enable_s.c
[0.279s] -- Up-to-date: /home/g83r/Desktop/uga/hero-lab/heroswarmv2/ROS2/humble_ws/install/robot_msgs/local/lib/python3.10/dist-packages/robot_msgs/msg/_battery_status.py
[0.279s] -- Up-to-date: /home/g83r/Desktop/uga/hero-lab/heroswarmv2/ROS2/humble_ws/install/robot_msgs/local/lib/python3.10/dist-packages/robot_msgs/msg/_battery_status_s.c
[0.279s] -- Up-to-date: /home/g83r/Desktop/uga/hero-lab/heroswarmv2/ROS2/humble_ws/install/robot_msgs/local/lib/python3.10/dist-packages/robot_msgs/msg/_string_list_s.c
[0.279s] -- Up-to-date: /home/g83r/Desktop/uga/hero-lab/heroswarmv2/ROS2/humble_ws/install/robot_msgs/local/lib/python3.10/dist-packages/robot_msgs/msg/_robot_pos.py
[0.279s] -- Up-to-date: /home/g83r/Desktop/uga/hero-lab/heroswarmv2/ROS2/humble_ws/install/robot_msgs/local/lib/python3.10/dist-packages/robot_msgs/msg/__init__.py
[0.279s] -- Up-to-date: /home/g83r/Desktop/uga/hero-lab/heroswarmv2/ROS2/humble_ws/install/robot_msgs/local/lib/python3.10/dist-packages/robot_msgs/msg/_light_s.c
[0.279s] -- Up-to-date: /home/g83r/Desktop/uga/hero-lab/heroswarmv2/ROS2/humble_ws/install/robot_msgs/local/lib/python3.10/dist-packages/robot_msgs/msg/_distance_sensor_s.c
[0.279s] -- Up-to-date: /home/g83r/Desktop/uga/hero-lab/heroswarmv2/ROS2/humble_ws/install/robot_msgs/local/lib/python3.10/dist-packages/robot_msgs/msg/_environment_s.c
[0.279s] -- Up-to-date: /home/g83r/Desktop/uga/hero-lab/heroswarmv2/ROS2/humble_ws/install/robot_msgs/local/lib/python3.10/dist-packages/robot_msgs/msg/_dock_enable_s.c
[0.279s] -- Up-to-date: /home/g83r/Desktop/uga/hero-lab/heroswarmv2/ROS2/humble_ws/install/robot_msgs/local/lib/python3.10/dist-packages/robot_msgs/msg/_dock_enable.py
[0.279s] -- Up-to-date: /home/g83r/Desktop/uga/hero-lab/heroswarmv2/ROS2/humble_ws/install/robot_msgs/local/lib/python3.10/dist-packages/robot_msgs/__init__.py
[0.279s] -- Up-to-date: /home/g83r/Desktop/uga/hero-lab/heroswarmv2/ROS2/humble_ws/install/robot_msgs/local/lib/python3.10/dist-packages/robot_msgs/librobot_msgs__rosidl_generator_py.so
[0.279s] -- Up-to-date: /home/g83r/Desktop/uga/hero-lab/heroswarmv2/ROS2/humble_ws/install/robot_msgs/local/lib/python3.10/dist-packages/robot_msgs/_robot_msgs_s.ep.rosidl_typesupport_c.c
[0.279s] -- Up-to-date: /home/g83r/Desktop/uga/hero-lab/heroswarmv2/ROS2/humble_ws/install/robot_msgs/local/lib/python3.10/dist-packages/robot_msgs/robot_msgs_s__rosidl_typesupport_fastrtps_c.cpython-310-x86_64-linux-gnu.so
[0.304s] Listing '/home/g83r/Desktop/uga/hero-lab/heroswarmv2/ROS2/humble_ws/install/robot_msgs/local/lib/python3.10/dist-packages/robot_msgs'...
[0.304s] Listing '/home/g83r/Desktop/uga/hero-lab/heroswarmv2/ROS2/humble_ws/install/robot_msgs/local/lib/python3.10/dist-packages/robot_msgs/msg'...
[0.304s] Listing '/home/g83r/Desktop/uga/hero-lab/heroswarmv2/ROS2/humble_ws/install/robot_msgs/local/lib/python3.10/dist-packages/robot_msgs/srv'...
[0.307s] -- Up-to-date: /home/g83r/Desktop/uga/hero-lab/heroswarmv2/ROS2/humble_ws/install/robot_msgs/local/lib/python3.10/dist-packages/robot_msgs/robot_msgs_s__rosidl_typesupport_fastrtps_c.cpython-310-x86_64-linux-gnu.so
[0.307s] -- Up-to-date: /home/g83r/Desktop/uga/hero-lab/heroswarmv2/ROS2/humble_ws/install/robot_msgs/local/lib/python3.10/dist-packages/robot_msgs/robot_msgs_s__rosidl_typesupport_introspection_c.cpython-310-x86_64-linux-gnu.so
[0.307s] -- Up-to-date: /home/g83r/Desktop/uga/hero-lab/heroswarmv2/ROS2/humble_ws/install/robot_msgs/local/lib/python3.10/dist-packages/robot_msgs/robot_msgs_s__rosidl_typesupport_c.cpython-310-x86_64-linux-gnu.so
[0.307s] -- Up-to-date: /home/g83r/Desktop/uga/hero-lab/heroswarmv2/ROS2/humble_ws/install/robot_msgs/lib/librobot_msgs__rosidl_generator_py.so
[0.307s] -- Up-to-date: /home/g83r/Desktop/uga/hero-lab/heroswarmv2/ROS2/humble_ws/install/robot_msgs/share/robot_msgs/msg/Environment.idl
[0.307s] -- Up-to-date: /home/g83r/Desktop/uga/hero-lab/heroswarmv2/ROS2/humble_ws/install/robot_msgs/share/robot_msgs/msg/RobotPos.idl
[0.307s] -- Up-to-date: /home/g83r/Desktop/uga/hero-lab/heroswarmv2/ROS2/humble_ws/install/robot_msgs/share/robot_msgs/msg/Light.idl
[0.307s] -- Up-to-date: /home/g83r/Desktop/uga/hero-lab/heroswarmv2/ROS2/humble_ws/install/robot_msgs/share/robot_msgs/msg/StringList.idl
[0.307s] -- Up-to-date: /home/g83r/Desktop/uga/hero-lab/heroswarmv2/ROS2/humble_ws/install/robot_msgs/share/robot_msgs/msg/SensorEnable.idl
[0.307s] -- Up-to-date: /home/g83r/Desktop/uga/hero-lab/heroswarmv2/ROS2/humble_ws/install/robot_msgs/share/robot_msgs/msg/DistanceSensor.idl
[0.307s] -- Up-to-date: /home/g83r/Desktop/uga/hero-lab/heroswarmv2/ROS2/humble_ws/install/robot_msgs/share/robot_msgs/msg/BatteryStatus.idl
[0.307s] -- Up-to-date: /home/g83r/Desktop/uga/hero-lab/heroswarmv2/ROS2/humble_ws/install/robot_msgs/share/robot_msgs/msg/DockEnable.idl
[0.307s] -- Up-to-date: /home/g83r/Desktop/uga/hero-lab/heroswarmv2/ROS2/humble_ws/install/robot_msgs/share/robot_msgs/srv/GetCharger.idl
[0.308s] -- Up-to-date: /home/g83r/Desktop/uga/hero-lab/heroswarmv2/ROS2/humble_ws/install/robot_msgs/share/robot_msgs/srv/ReleaseCharger.idl
[0.308s] -- Up-to-date: /home/g83r/Desktop/uga/hero-lab/heroswarmv2/ROS2/humble_ws/install/robot_msgs/share/robot_msgs/msg/Environment.msg
[0.308s] -- Up-to-date: /home/g83r/Desktop/uga/hero-lab/heroswarmv2/ROS2/humble_ws/install/robot_msgs/share/robot_msgs/msg/RobotPos.msg
[0.308s] -- Up-to-date: /home/g83r/Desktop/uga/hero-lab/heroswarmv2/ROS2/humble_ws/install/robot_msgs/share/robot_msgs/msg/Light.msg
[0.308s] -- Up-to-date: /home/g83r/Desktop/uga/hero-lab/heroswarmv2/ROS2/humble_ws/install/robot_msgs/share/robot_msgs/msg/StringList.msg
[0.308s] -- Up-to-date: /home/g83r/Desktop/uga/hero-lab/heroswarmv2/ROS2/humble_ws/install/robot_msgs/share/robot_msgs/msg/SensorEnable.msg
[0.308s] -- Up-to-date: /home/g83r/Desktop/uga/hero-lab/heroswarmv2/ROS2/humble_ws/install/robot_msgs/share/robot_msgs/msg/DistanceSensor.msg
[0.308s] -- Up-to-date: /home/g83r/Desktop/uga/hero-lab/heroswarmv2/ROS2/humble_ws/install/robot_msgs/share/robot_msgs/msg/BatteryStatus.msg
[0.308s] -- Up-to-date: /home/g83r/Desktop/uga/hero-lab/heroswarmv2/ROS2/humble_ws/install/robot_msgs/share/robot_msgs/msg/DockEnable.msg
[0.308s] -- Up-to-date: /home/g83r/Desktop/uga/hero-lab/heroswarmv2/ROS2/humble_ws/install/robot_msgs/share/robot_msgs/srv/GetCharger.srv
[0.308s] -- Up-to-date: /home/g83r/Desktop/uga/hero-lab/heroswarmv2/ROS2/humble_ws/install/robot_msgs/share/robot_msgs/srv/GetCharger_Request.msg
[0.308s] -- Up-to-date: /home/g83r/Desktop/uga/hero-lab/heroswarmv2/ROS2/humble_ws/install/robot_msgs/share/robot_msgs/srv/GetCharger_Response.msg
[0.308s] -- Up-to-date: /home/g83r/Desktop/uga/hero-lab/heroswarmv2/ROS2/humble_ws/install/robot_msgs/share/robot_msgs/srv/ReleaseCharger.srv
[0.308s] -- Up-to-date: /home/g83r/Desktop/uga/hero-lab/heroswarmv2/ROS2/humble_ws/install/robot_msgs/share/robot_msgs/srv/ReleaseCharger_Request.msg
[0.308s] -- Up-to-date: /home/g83r/Desktop/uga/hero-lab/heroswarmv2/ROS2/humble_ws/install/robot_msgs/share/robot_msgs/srv/ReleaseCharger_Response.msg
[0.308s] -- Up-to-date: /home/g83r/Desktop/uga/hero-lab/heroswarmv2/ROS2/humble_ws/install/robot_msgs/share/ament_index/resource_index/package_run_dependencies/robot_msgs
[0.308s] -- Up-to-date: /home/g83r/Desktop/uga/hero-lab/heroswarmv2/ROS2/humble_ws/install/robot_msgs/share/ament_index/resource_index/parent_prefix_path/robot_msgs
[0.308s] -- Up-to-date: /home/g83r/Desktop/uga/hero-lab/heroswarmv2/ROS2/humble_ws/install/robot_msgs/share/robot_msgs/environment/ament_prefix_path.sh
[0.308s] -- Up-to-date: /home/g83r/Desktop/uga/hero-lab/heroswarmv2/ROS2/humble_ws/install/robot_msgs/share/robot_msgs/environment/ament_prefix_path.dsv
[0.308s] -- Up-to-date: /home/g83r/Desktop/uga/hero-lab/heroswarmv2/ROS2/humble_ws/install/robot_msgs/share/robot_msgs/environment/path.sh
[0.308s] -- Up-to-date: /home/g83r/Desktop/uga/hero-lab/heroswarmv2/ROS2/humble_ws/install/robot_msgs/share/robot_msgs/environment/path.dsv
[0.308s] -- Up-to-date: /home/g83r/Desktop/uga/hero-lab/heroswarmv2/ROS2/humble_ws/install/robot_msgs/share/robot_msgs/local_setup.bash
[0.308s] -- Up-to-date: /home/g83r/Desktop/uga/hero-lab/heroswarmv2/ROS2/humble_ws/install/robot_msgs/share/robot_msgs/local_setup.sh
[0.308s] -- Up-to-date: /home/g83r/Desktop/uga/hero-lab/heroswarmv2/ROS2/humble_ws/install/robot_msgs/share/robot_msgs/local_setup.zsh
[0.308s] -- Up-to-date: /home/g83r/Desktop/uga/hero-lab/heroswarmv2/ROS2/humble_ws/install/robot_msgs/share/robot_msgs/local_setup.dsv
[0.308s] -- Installing: /home/g83r/Desktop/uga/hero-lab/heroswarmv2/ROS2/humble_ws/install/robot_msgs/share/robot_msgs/package.dsv
[0.308s] -- Up-to-date: /home/g83r/Desktop/uga/hero-lab/heroswarmv2/ROS2/humble_ws/install/robot_msgs/share/ament_index/resource_index/packages/robot_msgs
[0.308s] -- Up-to-date: /home/g83r/Desktop/uga/hero-lab/heroswarmv2/ROS2/humble_ws/install/robot_msgs/share/robot_msgs/cmake/export_robot_msgs__rosidl_generator_cExport.cmake
[0.308s] -- Up-to-date: /home/g83r/Desktop/uga/hero-lab/heroswarmv2/ROS2/humble_ws/install/robot_msgs/share/robot_msgs/cmake/export_robot_msgs__rosidl_generator_cExport-noconfig.cmake
[0.308s] -- Up-to-date: /home/g83r/Desktop/uga/hero-lab/heroswarmv2/ROS2/humble_ws/install/robot_msgs/share/robot_msgs/cmake/export_robot_msgs__rosidl_typesupport_fastrtps_cExport.cmake
[0.308s] -- Up-to-date: /home/g83r/Desktop/uga/hero-lab/heroswarmv2/ROS2/humble_ws/install/robot_msgs/share/robot_msgs/cmake/export_robot_msgs__rosidl_typesupport_fastrtps_cExport-noconfig.cmake
[0.309s] -- Up-to-date: /home/g83r/Desktop/uga/hero-lab/heroswarmv2/ROS2/humble_ws/install/robot_msgs/share/robot_msgs/cmake/export_robot_msgs__rosidl_generator_cppExport.cmake
[0.309s] -- Up-to-date: /home/g83r/Desktop/uga/hero-lab/heroswarmv2/ROS2/humble_ws/install/robot_msgs/share/robot_msgs/cmake/export_robot_msgs__rosidl_typesupport_fastrtps_cppExport.cmake
[0.309s] -- Up-to-date: /home/g83r/Desktop/uga/hero-lab/heroswarmv2/ROS2/humble_ws/install/robot_msgs/share/robot_msgs/cmake/export_robot_msgs__rosidl_typesupport_fastrtps_cppExport-noconfig.cmake
[0.309s] -- Up-to-date: /home/g83r/Desktop/uga/hero-lab/heroswarmv2/ROS2/humble_ws/install/robot_msgs/share/robot_msgs/cmake/robot_msgs__rosidl_typesupport_introspection_cExport.cmake
[0.309s] -- Up-to-date: /home/g83r/Desktop/uga/hero-lab/heroswarmv2/ROS2/humble_ws/install/robot_msgs/share/robot_msgs/cmake/robot_msgs__rosidl_typesupport_introspection_cExport-noconfig.cmake
[0.309s] -- Up-to-date: /home/g83r/Desktop/uga/hero-lab/heroswarmv2/ROS2/humble_ws/install/robot_msgs/share/robot_msgs/cmake/robot_msgs__rosidl_typesupport_cExport.cmake
[0.309s] -- Up-to-date: /home/g83r/Desktop/uga/hero-lab/heroswarmv2/ROS2/humble_ws/install/robot_msgs/share/robot_msgs/cmake/robot_msgs__rosidl_typesupport_cExport-noconfig.cmake
[0.309s] -- Up-to-date: /home/g83r/Desktop/uga/hero-lab/heroswarmv2/ROS2/humble_ws/install/robot_msgs/share/robot_msgs/cmake/robot_msgs__rosidl_typesupport_introspection_cppExport.cmake
[0.309s] -- Up-to-date: /home/g83r/Desktop/uga/hero-lab/heroswarmv2/ROS2/humble_ws/install/robot_msgs/share/robot_msgs/cmake/robot_msgs__rosidl_typesupport_introspection_cppExport-noconfig.cmake
[0.309s] -- Up-to-date: /home/g83r/Desktop/uga/hero-lab/heroswarmv2/ROS2/humble_ws/install/robot_msgs/share/robot_msgs/cmake/robot_msgs__rosidl_typesupport_cppExport.cmake
[0.309s] -- Up-to-date: /home/g83r/Desktop/uga/hero-lab/heroswarmv2/ROS2/humble_ws/install/robot_msgs/share/robot_msgs/cmake/robot_msgs__rosidl_typesupport_cppExport-noconfig.cmake
[0.309s] -- Up-to-date: /home/g83r/Desktop/uga/hero-lab/heroswarmv2/ROS2/humble_ws/install/robot_msgs/share/robot_msgs/cmake/export_robot_msgs__rosidl_generator_pyExport.cmake
[0.309s] -- Up-to-date: /home/g83r/Desktop/uga/hero-lab/heroswarmv2/ROS2/humble_ws/install/robot_msgs/share/robot_msgs/cmake/export_robot_msgs__rosidl_generator_pyExport-noconfig.cmake
[0.309s] -- Up-to-date: /home/g83r/Desktop/uga/hero-lab/heroswarmv2/ROS2/humble_ws/install/robot_msgs/share/robot_msgs/cmake/rosidl_cmake-extras.cmake
[0.309s] -- Up-to-date: /home/g83r/Desktop/uga/hero-lab/heroswarmv2/ROS2/humble_ws/install/robot_msgs/share/robot_msgs/cmake/ament_cmake_export_dependencies-extras.cmake
[0.309s] -- Up-to-date: /home/g83r/Desktop/uga/hero-lab/heroswarmv2/ROS2/humble_ws/install/robot_msgs/share/robot_msgs/cmake/ament_cmake_export_include_directories-extras.cmake
[0.309s] -- Up-to-date: /home/g83r/Desktop/uga/hero-lab/heroswarmv2/ROS2/humble_ws/install/robot_msgs/share/robot_msgs/cmake/ament_cmake_export_libraries-extras.cmake
[0.309s] -- Up-to-date: /home/g83r/Desktop/uga/hero-lab/heroswarmv2/ROS2/humble_ws/install/robot_msgs/share/robot_msgs/cmake/ament_cmake_export_targets-extras.cmake
[0.309s] -- Up-to-date: /home/g83r/Desktop/uga/hero-lab/heroswarmv2/ROS2/humble_ws/install/robot_msgs/share/robot_msgs/cmake/rosidl_cmake_export_typesupport_targets-extras.cmake
[0.309s] -- Up-to-date: /home/g83r/Desktop/uga/hero-lab/heroswarmv2/ROS2/humble_ws/install/robot_msgs/share/robot_msgs/cmake/rosidl_cmake_export_typesupport_libraries-extras.cmake
[0.309s] -- Up-to-date: /home/g83r/Desktop/uga/hero-lab/heroswarmv2/ROS2/humble_ws/install/robot_msgs/share/robot_msgs/cmake/robot_msgsConfig.cmake
[0.309s] -- Up-to-date: /home/g83r/Desktop/uga/hero-lab/heroswarmv2/ROS2/humble_ws/install/robot_msgs/share/robot_msgs/cmake/robot_msgsConfig-version.cmake
[0.309s] -- Up-to-date: /home/g83r/Desktop/uga/hero-lab/heroswarmv2/ROS2/humble_ws/install/robot_msgs/share/robot_msgs/package.xml
[0.311s] Invoked command in '/home/g83r/Desktop/uga/hero-lab/heroswarmv2/ROS2/humble_ws/build/robot_msgs' returned '0': CMAKE_PREFIX_PATH=/opt/ros/humble /usr/bin/cmake --install /home/g83r/Desktop/uga/hero-lab/heroswarmv2/ROS2/humble_ws/build/robot_msgs
