[0.468s] Invoking command in '/home/g83r/Desktop/uga/hero-lab/heroswarmv2/ROS2/humble_ws/src/robot_controller': AMENT_PREFIX_PATH=/home/g83r/Desktop/uga/hero-lab/heroswarmv2/ROS2/humble_ws/install/robot_msgs:${AMENT_PREFIX_PATH} CMAKE_PREFIX_PATH=/home/g83r/Desktop/uga/hero-lab/heroswarmv2/ROS2/humble_ws/install/robot_msgs LD_LIBRARY_PATH=/home/g83r/Desktop/uga/hero-lab/heroswarmv2/ROS2/humble_ws/install/robot_msgs/lib:${LD_LIBRARY_PATH} PYTHONPATH=/home/g83r/Desktop/uga/hero-lab/heroswarmv2/ROS2/humble_ws/build/robot_controller/prefix_override:/usr/lib/python3/dist-packages/colcon_core/task/python/colcon_distutils_commands:/home/g83r/Desktop/uga/hero-lab/heroswarmv2/ROS2/humble_ws/install/robot_controller/lib/python3.10/site-packages:/home/g83r/Desktop/uga/hero-lab/heroswarmv2/ROS2/humble_ws/install/robot_msgs/local/lib/python3.10/dist-packages:${PYTHONPATH} /usr/bin/python3 -W ignore:setup.py install is deprecated -W ignore:easy_install command is deprecated setup.py egg_info --egg-base ../../build/robot_controller build --build-base /home/g83r/Desktop/uga/hero-lab/heroswarmv2/ROS2/humble_ws/build/robot_controller/build install --record /home/g83r/Desktop/uga/hero-lab/heroswarmv2/ROS2/humble_ws/build/robot_controller/install.log --single-version-externally-managed install_data
[0.646s] running egg_info
[0.646s] writing ../../build/robot_controller/robot_controller.egg-info/PKG-INFO
[0.647s] writing dependency_links to ../../build/robot_controller/robot_controller.egg-info/dependency_links.txt
[0.647s] writing entry points to ../../build/robot_controller/robot_controller.egg-info/entry_points.txt
[0.647s] writing requirements to ../../build/robot_controller/robot_controller.egg-info/requires.txt
[0.647s] writing top-level names to ../../build/robot_controller/robot_controller.egg-info/top_level.txt
[0.648s] reading manifest file '../../build/robot_controller/robot_controller.egg-info/SOURCES.txt'
[0.648s] writing manifest file '../../build/robot_controller/robot_controller.egg-info/SOURCES.txt'
[0.648s] running build
[0.648s] running build_py
[0.649s] running install
[0.649s] running install_lib
[0.650s] running install_data
[0.650s] copying package.xml -> /home/g83r/Desktop/uga/hero-lab/heroswarmv2/ROS2/humble_ws/install/robot_controller/share/robot_controller
[0.650s] running install_egg_info
[0.651s] removing '/home/g83r/Desktop/uga/hero-lab/heroswarmv2/ROS2/humble_ws/install/robot_controller/lib/python3.10/site-packages/robot_controller-0.0.0-py3.10.egg-info' (and everything under it)
[0.651s] Copying ../../build/robot_controller/robot_controller.egg-info to /home/g83r/Desktop/uga/hero-lab/heroswarmv2/ROS2/humble_ws/install/robot_controller/lib/python3.10/site-packages/robot_controller-0.0.0-py3.10.egg-info
[0.651s] running install_scripts
[0.664s] Installing robot_controller script to /home/g83r/Desktop/uga/hero-lab/heroswarmv2/ROS2/humble_ws/install/robot_controller/lib/robot_controller
[0.665s] writing list of installed files to '/home/g83r/Desktop/uga/hero-lab/heroswarmv2/ROS2/humble_ws/build/robot_controller/install.log'
[0.679s] Invoked command in '/home/g83r/Desktop/uga/hero-lab/heroswarmv2/ROS2/humble_ws/src/robot_controller' returned '0': AMENT_PREFIX_PATH=/home/g83r/Desktop/uga/hero-lab/heroswarmv2/ROS2/humble_ws/install/robot_msgs:${AMENT_PREFIX_PATH} CMAKE_PREFIX_PATH=/home/g83r/Desktop/uga/hero-lab/heroswarmv2/ROS2/humble_ws/install/robot_msgs LD_LIBRARY_PATH=/home/g83r/Desktop/uga/hero-lab/heroswarmv2/ROS2/humble_ws/install/robot_msgs/lib:${LD_LIBRARY_PATH} PYTHONPATH=/home/g83r/Desktop/uga/hero-lab/heroswarmv2/ROS2/humble_ws/build/robot_controller/prefix_override:/usr/lib/python3/dist-packages/colcon_core/task/python/colcon_distutils_commands:/home/g83r/Desktop/uga/hero-lab/heroswarmv2/ROS2/humble_ws/install/robot_controller/lib/python3.10/site-packages:/home/g83r/Desktop/uga/hero-lab/heroswarmv2/ROS2/humble_ws/install/robot_msgs/local/lib/python3.10/dist-packages:${PYTHONPATH} /usr/bin/python3 -W ignore:setup.py install is deprecated -W ignore:easy_install command is deprecated setup.py egg_info --egg-base ../../build/robot_controller build --build-base /home/g83r/Desktop/uga/hero-lab/heroswarmv2/ROS2/humble_ws/build/robot_controller/build install --record /home/g83r/Desktop/uga/hero-lab/heroswarmv2/ROS2/humble_ws/build/robot_controller/install.log --single-version-externally-managed install_data
