[0.486s] Invoking command in '/home/g83r/Desktop/uga/hero-lab/heroswarmv2/ROS2/humble_ws/src/robot_controller': PYTHONPATH=/home/g83r/Desktop/uga/hero-lab/heroswarmv2/ROS2/humble_ws/build/robot_controller/prefix_override:/usr/lib/python3/dist-packages/colcon_core/task/python/colcon_distutils_commands:/home/g83r/Desktop/uga/hero-lab/heroswarmv2/ROS2/humble_ws/install/robot_controller/lib/python3.10/site-packages:${PYTHONPATH} /usr/bin/python3 -W ignore:setup.py install is deprecated -W ignore:easy_install command is deprecated setup.py egg_info --egg-base ../../build/robot_controller build --build-base /home/g83r/Desktop/uga/hero-lab/heroswarmv2/ROS2/humble_ws/build/robot_controller/build install --record /home/g83r/Desktop/uga/hero-lab/heroswarmv2/ROS2/humble_ws/build/robot_controller/install.log --single-version-externally-managed install_data
[0.676s] running egg_info
[0.676s] creating ../../build/robot_controller/robot_controller.egg-info
[0.676s] writing ../../build/robot_controller/robot_controller.egg-info/PKG-INFO
[0.676s] writing dependency_links to ../../build/robot_controller/robot_controller.egg-info/dependency_links.txt
[0.676s] writing entry points to ../../build/robot_controller/robot_controller.egg-info/entry_points.txt
[0.676s] writing requirements to ../../build/robot_controller/robot_controller.egg-info/requires.txt
[0.676s] writing top-level names to ../../build/robot_controller/robot_controller.egg-info/top_level.txt
[0.676s] writing manifest file '../../build/robot_controller/robot_controller.egg-info/SOURCES.txt'
[0.677s] reading manifest file '../../build/robot_controller/robot_controller.egg-info/SOURCES.txt'
[0.678s] writing manifest file '../../build/robot_controller/robot_controller.egg-info/SOURCES.txt'
[0.678s] running build
[0.678s] running build_py
[0.678s] creating /home/g83r/Desktop/uga/hero-lab/heroswarmv2/ROS2/humble_ws/build/robot_controller/build
[0.678s] creating /home/g83r/Desktop/uga/hero-lab/heroswarmv2/ROS2/humble_ws/build/robot_controller/build/lib
[0.678s] creating /home/g83r/Desktop/uga/hero-lab/heroswarmv2/ROS2/humble_ws/build/robot_controller/build/lib/robot_controller
[0.678s] copying robot_controller/__init__.py -> /home/g83r/Desktop/uga/hero-lab/heroswarmv2/ROS2/humble_ws/build/robot_controller/build/lib/robot_controller
[0.678s] running install
[0.678s] running install_lib
[0.679s] creating /home/g83r/Desktop/uga/hero-lab/heroswarmv2/ROS2/humble_ws/install/robot_controller/lib/python3.10/site-packages/robot_controller
[0.679s] copying /home/g83r/Desktop/uga/hero-lab/heroswarmv2/ROS2/humble_ws/build/robot_controller/build/lib/robot_controller/__init__.py -> /home/g83r/Desktop/uga/hero-lab/heroswarmv2/ROS2/humble_ws/install/robot_controller/lib/python3.10/site-packages/robot_controller
[0.679s] byte-compiling /home/g83r/Desktop/uga/hero-lab/heroswarmv2/ROS2/humble_ws/install/robot_controller/lib/python3.10/site-packages/robot_controller/__init__.py to __init__.cpython-310.pyc
[0.679s] running install_data
[0.679s] creating /home/g83r/Desktop/uga/hero-lab/heroswarmv2/ROS2/humble_ws/install/robot_controller/share/ament_index
[0.679s] creating /home/g83r/Desktop/uga/hero-lab/heroswarmv2/ROS2/humble_ws/install/robot_controller/share/ament_index/resource_index
[0.679s] creating /home/g83r/Desktop/uga/hero-lab/heroswarmv2/ROS2/humble_ws/install/robot_controller/share/ament_index/resource_index/packages
[0.679s] copying resource/robot_controller -> /home/g83r/Desktop/uga/hero-lab/heroswarmv2/ROS2/humble_ws/install/robot_controller/share/ament_index/resource_index/packages
[0.679s] copying package.xml -> /home/g83r/Desktop/uga/hero-lab/heroswarmv2/ROS2/humble_ws/install/robot_controller/share/robot_controller
[0.679s] running install_egg_info
[0.680s] Copying ../../build/robot_controller/robot_controller.egg-info to /home/g83r/Desktop/uga/hero-lab/heroswarmv2/ROS2/humble_ws/install/robot_controller/lib/python3.10/site-packages/robot_controller-0.0.0-py3.10.egg-info
[0.681s] running install_scripts
[0.694s] writing list of installed files to '/home/g83r/Desktop/uga/hero-lab/heroswarmv2/ROS2/humble_ws/build/robot_controller/install.log'
[0.708s] Invoked command in '/home/g83r/Desktop/uga/hero-lab/heroswarmv2/ROS2/humble_ws/src/robot_controller' returned '0': PYTHONPATH=/home/g83r/Desktop/uga/hero-lab/heroswarmv2/ROS2/humble_ws/build/robot_controller/prefix_override:/usr/lib/python3/dist-packages/colcon_core/task/python/colcon_distutils_commands:/home/g83r/Desktop/uga/hero-lab/heroswarmv2/ROS2/humble_ws/install/robot_controller/lib/python3.10/site-packages:${PYTHONPATH} /usr/bin/python3 -W ignore:setup.py install is deprecated -W ignore:easy_install command is deprecated setup.py egg_info --egg-base ../../build/robot_controller build --build-base /home/g83r/Desktop/uga/hero-lab/heroswarmv2/ROS2/humble_ws/build/robot_controller/build install --record /home/g83r/Desktop/uga/hero-lab/heroswarmv2/ROS2/humble_ws/build/robot_controller/install.log --single-version-externally-managed install_data
