[0.452s] Invoking command in '/home/rishab/heroswarmv2/ROS2/humble_ws/build/robot_controller': PYTHONPATH=/home/rishab/heroswarmv2/ROS2/humble_ws/build/robot_controller/prefix_override:/usr/lib/python3/dist-packages/colcon_core/task/python/colcon_distutils_commands:/home/rishab/heroswarmv2/ROS2/humble_ws/install/robot_controller/lib/python3.10/site-packages:${PYTHONPATH} /usr/bin/python3 -W ignore:setup.py install is deprecated setup.py develop --editable --build-directory /home/rishab/heroswarmv2/ROS2/humble_ws/build/robot_controller/build --no-deps symlink_data
[0.639s] running develop
[0.639s] /usr/lib/python3/dist-packages/setuptools/command/easy_install.py:158: EasyInstallDeprecationWarning: easy_install command is deprecated. Use build and pip and other standards-based tools.
[0.639s]   warnings.warn(
[0.795s] running egg_info
[0.796s] creating robot_controller.egg-info
[0.796s] writing robot_controller.egg-info/PKG-INFO
[0.796s] writing dependency_links to robot_controller.egg-info/dependency_links.txt
[0.796s] writing entry points to robot_controller.egg-info/entry_points.txt
[0.796s] writing requirements to robot_controller.egg-info/requires.txt
[0.796s] writing top-level names to robot_controller.egg-info/top_level.txt
[0.797s] writing manifest file 'robot_controller.egg-info/SOURCES.txt'
[0.798s] reading manifest file 'robot_controller.egg-info/SOURCES.txt'
[0.799s] writing manifest file 'robot_controller.egg-info/SOURCES.txt'
[0.800s] running build_ext
[0.800s] Creating /home/rishab/heroswarmv2/ROS2/humble_ws/install/robot_controller/lib/python3.10/site-packages/robot-controller.egg-link (link to .)
[0.801s] Installing robot_controller script to /home/rishab/heroswarmv2/ROS2/humble_ws/install/robot_controller/lib/robot_controller
[0.801s] Installing test_publisher script to /home/rishab/heroswarmv2/ROS2/humble_ws/install/robot_controller/lib/robot_controller
[0.801s] 
[0.801s] Installed /home/rishab/heroswarmv2/ROS2/humble_ws/build/robot_controller
[0.801s] running symlink_data
[0.801s] creating /home/rishab/heroswarmv2/ROS2/humble_ws/install/robot_controller/share/ament_index
[0.801s] creating /home/rishab/heroswarmv2/ROS2/humble_ws/install/robot_controller/share/ament_index/resource_index
[0.801s] creating /home/rishab/heroswarmv2/ROS2/humble_ws/install/robot_controller/share/ament_index/resource_index/packages
[0.801s] symbolically linking /home/rishab/heroswarmv2/ROS2/humble_ws/build/robot_controller/resource/robot_controller -> /home/rishab/heroswarmv2/ROS2/humble_ws/install/robot_controller/share/ament_index/resource_index/packages
[0.801s] symbolically linking /home/rishab/heroswarmv2/ROS2/humble_ws/build/robot_controller/package.xml -> /home/rishab/heroswarmv2/ROS2/humble_ws/install/robot_controller/share/robot_controller
[0.820s] Invoked command in '/home/rishab/heroswarmv2/ROS2/humble_ws/build/robot_controller' returned '0': PYTHONPATH=/home/rishab/heroswarmv2/ROS2/humble_ws/build/robot_controller/prefix_override:/usr/lib/python3/dist-packages/colcon_core/task/python/colcon_distutils_commands:/home/rishab/heroswarmv2/ROS2/humble_ws/install/robot_controller/lib/python3.10/site-packages:${PYTHONPATH} /usr/bin/python3 -W ignore:setup.py install is deprecated setup.py develop --editable --build-directory /home/rishab/heroswarmv2/ROS2/humble_ws/build/robot_controller/build --no-deps symlink_data
